
> verified-fan-app@0.1.0 dev
> next dev

⚠ Port 3000 is in use by process 88700, using available port 3001 instead.
▲ Next.js 16.2.2 (Turbopack)
- Local:         http://localhost:3001
- Network:       http://192.168.0.201:3001
- Environments: .env.local
✓ Ready in 310ms
⚠ Warning: Next.js inferred your workspace root, but it may not be correct.
 We detected multiple lockfiles and selected the directory of /Users/edwinhidalgo/package-lock.json as the root directory.
 To silence this warning, set `turbopack.root` in your Next.js config, or consider removing one of the lockfiles if it's not needed.
   See https://nextjs.org/docs/app/api-reference/config/next-config-js/turbopack#root-directory for more information.
 Detected additional lockfiles: 
   * /Users/edwinhidalgo/Documents/verified-fan-app/package-lock.json

⨯ Another next dev server is already running.

- Local:        http://localhost:3000
- PID:          88700
- Dir:          /Users/edwinhidalgo/Documents/verified-fan-app
- Log:          .next/dev/logs/next-development.log

Run kill 88700 to stop it.
[?25h
